---
title: "18. Linux磁盘分区、挂载"
tags:
  - "云原生"
  - "云原生/Linux"
  - "Linux磁盘分区、挂载"
  - "Linux"
  - "容器化"
  - "集群管理"
updated: 2026-04-16
---
# 一、Linux分区
1. 原理介绍：
    1. Linux来说无论有几个分区，分给哪一目录使用，它归根结底就只有一个根目录，一个独立且唯一的文件结构 , Linux中每个分区都是用来组成整个文件系统的一部分
    2. Linux采用了一种叫“载入”的处理方法，它的整个文件系统中包含了一整套的文件和目录，且将一个分区和一个目录联系起来。这时要载入的一个分区将使它的存储空间在一个目录下获得
2. 原理图：

    ![[IMG-20260404031958699.png|800]]

3. 硬盘说明：
    1. Linux硬盘分IDE硬盘和SCSI硬盘，目前基本上是SCSI硬盘
    2. 对于`IDE`硬盘，驱动器标识符为“`hdx~`”,其中“hd”表明分区所在设备的类型，这里是指IDE硬盘了
        1. “`x`”为盘号（a为基本盘， b为基本从属盘， c为辅助主盘， d为辅助从属盘）
        2. “`~`”代表分区，前四个分区用数字1到4表示，它们是主分区或扩展分区，从5开始就是逻辑分区
        3. 例：hda3表示为第一个IDE硬盘上的第三个主分区或扩展分区；hdb2表示为第二个IDE硬盘上的第二个主分区或扩展分区
    3. 对于`SCSI`硬盘，则标识为“`sdx~`”， SCSI硬盘是用“sd”来表示分区所在设备的类型的，其余则和IDE硬盘的表示方法一样
4. 查看所有设备挂载情况
    1. `lsblk`

        ```Bash
        [root@hadoop1 ~]# lsblk
        NAME   MAJ:MIN RM  SIZE RO TYPE MOUNTPOINT
        sda      8:0    0   20G  0 disk
        ├─sda1   8:1    0    1G  0 part /boot
        ├─sda2   8:2    0    2G  0 part [SWAP]
        └─sda3   8:3    0   17G  0 part /
        sr0     11:0    1 1024M  0 rom
        ```
    2. `lsblk -f`

        ```Bash
        [root@hadoop1 ~]# lsblk -f
            //FSTYPE LABEL：文件系统基本类型
            //UUID：每个分区40位的唯一标识符
            //MOUNTPOINT：挂载点
        NAME   FSTYPE LABEL   UUID      MOUNTPOINT
        sda     //分区情况
        ├─sda1 ext4         2b4b1a15-338f-4f48-9f1b-f452554cd50b /boot
        ├─sda2 swap         7a814b32-ba6d-4ece-8bd4-22616bb801f1 [SWAP]
        └─sda3 ext4         bd3d6bdf-9bbf-4610-bda0-4dea8e07c746 /
        sr0
        ```
# 二、挂载的经典案例
1. 说明：下面我们以增加一块硬盘为例来熟悉下磁盘的相关指令和深入理解磁盘分区、挂载、卸载的概念
2. **如何增加一块硬盘？**

    ![[IMG-20260404031958749.png|697]]

    1. 虚拟机添加硬盘

        虚拟机设置\to添加\to硬盘\to设置1GB\to使用SCSI硬盘

        ```Plain
         [root@hadoop1 home]# lsblk
         NAME   MAJ:MIN RM  SIZE RO TYPE MOUNTPOINT
         sda      8:0    0   20G  0 disk
         ├─sda1   8:1    0    1G  0 part /boot
         ├─sda2   8:2    0    2G  0 part [SWAP]
         └─sda3   8:3    0   17G  0 part /
         sdb      8:16   0    1G  0 disk //新的硬盘已经添加
         sr0     11:0    1 1024M  0 rom
        ```
    2. 分区
        1. 分区命令：`fdisk /dev/sdb`——所有的设备都在dev文件夹下
        2. 分区：

            ```Plain
             [root@hadoop1 home]# fdisk /dev/sdb
             欢迎使用 fdisk (util-linux 2.23.2)。
             更改将停留在内存中，直到您决定将更改写入磁盘。
             使用写入命令前请三思。
             Device does not contain a recognized partition table
             使用磁盘标识符 0x3f7d1ba5 创建新的 DOS 磁盘标签。
             命令(输入 m 获取帮助)：m
             命令操作
                a   toggle a bootable flag
                b   edit bsd disklabel
                c   toggle the dos compatibility flag
                d   delete a partition
                g   create a new empty GPT partition table
                G   create an IRIX (SGI) partition table
                l   list known partition types
                m   print this menu
                n   add a new partition
                o   create a new empty DOS partition table
                p   print the partition table
                q   quit without saving changes
                s   create a new empty Sun disklabel
                t   change a partition's system id
                u   change display/entry units
                v   verify the partition table
                w   write table to disk and exit
                x   extra functionality (experts only)
             命令(输入 m 获取帮助)：n //new一个分区
             Partition type:
                p   primary (0 primary, 0 extended, 4 free)
                e   extended
             Select (default p): p   //主分区
             分区号 (1-4，默认 1)：1  //只分一个分区
             起始 扇区 (2048-2097151，默认为 2048)：
             将使用默认值 2048
             Last 扇区, +扇区 or +size{K,M,G} (2048-2097151，默认为 2097151)：
             将使用默认值 2097151
             分区 1 已设置为 Linux 类型，大小设为 1023 MiB
             命令(输入 m 获取帮助)：w  //写入修改并退出
             The partition table has been altered!
             Calling ioctl() to re-read partition table.
             正在同步磁盘。
             您在 /var/spool/mail/root 中有新邮件
             [root@hadoop1 home]# lsblk
             NAME   MAJ:MIN RM  SIZE RO TYPE MOUNTPOINT
             sda      8:0    0   20G  0 disk
             ├─sda1   8:1    0    1G  0 part /boot
             ├─sda2   8:2    0    2G  0 part [SWAP]
             └─sda3   8:3    0   17G  0 part /
             sdb      8:16   0    1G  0 disk
             └─sdb1   8:17   0 1023M  0 part //此时分区已经修改
             sr0     11:0    1 1024M  0 rom
            ```
    3. 格式化：指定基本类型
        1. 分区命令：`mkfs -t ext4 /dev/sdb1`
        2. 格式化：

            ```Plain
             [root@hadoop1 home]# mkfs -t ext4 /dev/sdb1
             mke2fs 1.42.9 (28-Dec-2013)
             文件系统标签=
             OS type: Linux
             块大小=4096 (log=2)
             分块大小=4096 (log=2)
             Stride=0 blocks, Stripe width=0 blocks
             65536 inodes, 261888 blocks
             13094 blocks (5.00%) reserved for the super user
             第一个数据块=0
             Maximum filesystem blocks=268435456
             8 block groups
             32768 blocks per group, 32768 fragments per group
             8192 inodes per group
             Superblock backups stored on blocks:
                 32768, 98304, 163840, 229376
             Allocating group tables: 完成
             正在写入inode表: 完成
             Creating journal (4096 blocks): 完成
             Writing superblocks and filesystem accounting information: 完成
             您在 /var/spool/mail/root 中有新邮件
             [root@hadoop1 home]# lsblk -f
             NAME   FSTYPE LABEL UUID                                 MOUNTPOINT
             sda
             ├─sda1 ext4         2b4b1a15-338f-4f48-9f1b-f452554cd50b /boot
             ├─sda2 swap         7a814b32-ba6d-4ece-8bd4-22616bb801f1 [SWAP]
             └─sda3 ext4         bd3d6bdf-9bbf-4610-bda0-4dea8e07c746 /
             sdb
             └─sdb1 ext4         16cb3e86-1eeb-4098-8dbd-93062a045f81 //格式化完成
            ```
    4. 挂载
        1. 先创建一个/newdisk目录
        2. 挂载：`mount /dev/sdb1 /newdisk/`

            ```Plain
             [root@hadoop1 /]# mkdir newdisk
             [root@hadoop1 /]# mount /dev/sdb1 /newdisk/
             [root@hadoop1 /]# lsblk -f
             NAME   FSTYPE LABEL UUID                                 MOUNTPOINT
             sda
             ├─sda1 ext4         2b4b1a15-338f-4f48-9f1b-f452554cd50b /boot
             ├─sda2 swap         7a814b32-ba6d-4ece-8bd4-22616bb801f1 [SWAP]
             └─sda3 ext4         bd3d6bdf-9bbf-4610-bda0-4dea8e07c746 /
             sdb
             └─sdb1 ext4         16cb3e86-1eeb-4098-8dbd-93062a045f81 /newdisk
                 //此时已经有了挂载点了
             sr0
            ```
    5. 卸载设备：
        1. `umount /dev/sdb1`设备名称

            ```Plain
             //先退回根目录
             [root@hadoop1 /]# umount /dev/sdb1
             [root@hadoop1 /]# lsblk -f
             NAME   FSTYPE LABEL UUID                                 MOUNTPOINT
             sda
             ├─sda1 ext4         2b4b1a15-338f-4f48-9f1b-f452554cd50b /boot
             ├─sda2 swap         7a814b32-ba6d-4ece-8bd4-22616bb801f1 [SWAP]
             └─sda3 ext4         bd3d6bdf-9bbf-4610-bda0-4dea8e07c746 /
             sdb
             └─sdb1 ext4         16cb3e86-1eeb-4098-8dbd-93062a045f81  //此时挂载点已经没有了
             sr0
            ```
        2. `umount /newdisk`挂载目录
    6. **注意：用命令行挂载重启后会失效**
        1. ==**永久挂载：**==通过修改`/etc/fstab`实现挂载

            ```Bash
             vim /etc/fstab
            ```

            ![[IMG-20260404031958864.png|800]]

        2. 添加完成后 执行`mount –a` 即刻生效
        3. 再重启后，挂载点依然生效

# 三、磁盘情况查询
1. 查询系统整体磁盘使用情况
    1. 基本语法：`df -h`
    2. 应用实例：

        ```Bash
         [root@hadoop1 ~]# df -h
         文件系统        容量  已用  可用 已用% 挂载点
         /dev/sda3        17G  5.5G   11G   35% /
         devtmpfs        975M     0  975M    0% /dev
         tmpfs           991M     0  991M    0% /dev/shm
         tmpfs           991M   11M  981M    2% /run
         tmpfs           991M     0  991M    0% /sys/fs/cgroup
         /dev/sdb1       991M  2.6M  922M    1% /newdisk
         /dev/sda1       976M  134M  776M   15% /boot
         .host:/         316G   24G  293G    8% /mnt/hgfs
             //共享文件夹
         tmpfs           199M  8.0K  199M    1% /run/user/42
         tmpfs           199M     0  199M    0% /run/user/0
        ```
2. 查询指定目录的磁盘占用情况
    1. 基本语法：`du -h /目录`
    2. 选项：
        1. `s` 指定目录占用大小汇总
        2. `h` 带计量单位
        3. `a` 含文件
        4. `-max-depth=1` 子目录深度
        5. `c` 列出明细的同时，增加汇总值
    3. 应用案例：

        ```Plain
         [root@hadoop1 opt]# du -hac --max-depth=1 /opt
         4.0K    /opt/rh
         5.4M    /opt/tmp
         163M    /opt/vmware-tools-distrib
         54M   /opt/VMwareTools-10.3.10-13959562.tar.gz
         222M    /opt
         222M    总用量
        ```
# 四、磁盘情况-工作实用指令
1. 统计`/home`文件夹下文件的个数

    ```Bash
     [root@hadoop1 opt]# ls -l /opt
     总用量 55124
     drwxr-xr-x. 2 root root     4096 10月 31 2018 rh
     drwxr-xr-x. 3 root root     4096 6月  26 00:23 tmp
     -rw-r--r--. 1 root root 56431201 6月  13 2019 VMwareTools-10.3.10-13959562.tar.gz
     drwxr-xr-x. 9 root root     4096 6月  13 2019 vmware-tools-distrib
     您在 /var/spool/mail/root 中有新邮件
     [root@hadoop1 opt]# ls -l /opt | grep "^-"
         //"^-"：过滤出以-开头的，即文件
     -rw-r--r--. 1 root root 56431201 6月  13 2019 VMwareTools-10.3.10-13959562.tar.gz
     [root@hadoop1 opt]# ls -l /opt | grep "^-" | wc -l
         //wc：统计个数
     1
    ```
2. 统计/home文件夹下目录的个数

    ```Plain
     [root@hadoop1 opt]# ls -l /opt | grep "^d" | wc -l
     3
    ```
3. 统计/home文件夹下文件的个数，包括子文件夹里的

    ```Plain
     [root@hadoop1 /]# ls -lR /home | grep "^-" | wc -l
         //R：代表递归
     13
    ```
4. 统计文件夹下目录的个数，包括子文件夹里的

    ```Plain
     [root@hadoop1 /]# ls -lR /home | grep "^d" | wc -l
     13
    ```
5. 以树状显示目录结构

    ```Plain
     [root@hadoop1 /]# tree /home
         //未安装tree
     bash: tree: 未找到命令...
     您在 /var/spool/mail/root 中有新邮件
     [root@hadoop1 /]# yum install tree
         //安装
     [root@hadoop1 /]# tree /home
     /home
     ├── aaa.txt
     ├── a.txt
     ├── bbb
     │   └── aaa.txt
     ├── ccc.txt
     ├── cool
     ├── crontabtest.txt
     ├── c.txt
     ├── fox
     │   └── ok.txt
     ├── homeinfo.txt
     ├── jack
     ├── mya.tar.gz
     ├── mycal
     ├── myhome.zip
     ├── myshell.sh
     └── tom
         ├── a.txt
         ├── \345\205\254\345\205\261
         ├── \346\250\241\346\235\277
         ├── \350\247\206\351\242\221
         ├── \345\233\276\347\211\207
         ├── \346\226\207\346\241\243
         ├── \344\270\213\350\275\275
         ├── \351\237\263\344\271\220
         └── \346\241\214\351\235\242
     13 directories, 13 files
    ```
